Preset CMake variables:

  CMAKE_BUILD_TYPE="RelWithDebInfo"
  CMAKE_CXX_FLAGS="-D_FORTIFY_SOURCE=3 -fstack-protector-strong -fstack-clash-protection"
  CMAKE_EXE_LINKER_FLAGS="-Wl,-z,relro,-z,now"
  CMAKE_EXPORT_COMPILE_COMMANDS="ON"
  CMAKE_POSITION_INDEPENDENT_CODE="ON"

-- The CXX compiler identification is GNU 13.3.0
-- Detecting CXX compiler ABI info
-- Detecting CXX compiler ABI info - done
-- Check for working CXX compiler: /usr/bin/c++ - skipped
-- Detecting CXX compile features
-- Detecting CXX compile features - done
-- Found SQLite3: /usr/include (found version "3.45.1") 
-- Performing Test CMAKE_HAVE_LIBC_PTHREAD
-- Performing Test CMAKE_HAVE_LIBC_PTHREAD - Success
-- Found Threads: TRUE  
-- The C compiler identification is GNU 13.3.0
-- Detecting C compiler ABI info
-- Detecting C compiler ABI info - done
-- Check for working C compiler: /usr/bin/cc - skipped
-- Detecting C compile features
-- Detecting C compile features - done
-- Looking for fork
-- Looking for fork - found
-- Looking for wait
-- Looking for wait - found
-- Adding -Og to compile flag
-- The ASM compiler identification is GNU
-- Found assembler: /usr/bin/cc
-- ZSTD VERSION: 1.5.6
-- Performing Test C_FLAG_WALL
-- Performing Test C_FLAG_WALL - Success
-- Performing Test CXX_FLAG_WALL
-- Performing Test CXX_FLAG_WALL - Success
-- Performing Test C_FLAG_WEXTRA
-- Performing Test C_FLAG_WEXTRA - Success
-- Performing Test CXX_FLAG_WEXTRA
-- Performing Test CXX_FLAG_WEXTRA - Success
-- Performing Test C_FLAG_WUNDEF
-- Performing Test C_FLAG_WUNDEF - Success
-- Performing Test CXX_FLAG_WUNDEF
-- Performing Test CXX_FLAG_WUNDEF - Success
-- Performing Test C_FLAG_WSHADOW
-- Performing Test C_FLAG_WSHADOW - Success
-- Performing Test CXX_FLAG_WSHADOW
-- Performing Test CXX_FLAG_WSHADOW - Success
-- Performing Test C_FLAG_WCAST_ALIGN
-- Performing Test C_FLAG_WCAST_ALIGN - Success
-- Performing Test CXX_FLAG_WCAST_ALIGN
-- Performing Test CXX_FLAG_WCAST_ALIGN - Success
-- Performing Test C_FLAG_WCAST_QUAL
-- Performing Test C_FLAG_WCAST_QUAL - Success
-- Performing Test CXX_FLAG_WCAST_QUAL
-- Performing Test CXX_FLAG_WCAST_QUAL - Success
-- Performing Test C_FLAG_WSTRICT_PROTOTYPES
-- Performing Test C_FLAG_WSTRICT_PROTOTYPES - Success
-- Performing Test LD_FLAG_Z_NOEXECSTACK
-- Performing Test LD_FLAG_Z_NOEXECSTACK - Success
-- Performing Test C_FLAG_QUNUSED_ARGUMENTS
-- Performing Test C_FLAG_QUNUSED_ARGUMENTS - Failed
-- Performing Test CXX_FLAG_QUNUSED_ARGUMENTS
-- Performing Test CXX_FLAG_QUNUSED_ARGUMENTS - Failed
-- Performing Test C_FLAG_WA_NOEXECSTACK
-- Performing Test C_FLAG_WA_NOEXECSTACK - Success
-- Performing Test CXX_FLAG_WA_NOEXECSTACK
-- Performing Test CXX_FLAG_WA_NOEXECSTACK - Success
-- CMAKE_INSTALL_PREFIX: /usr/local
-- CMAKE_INSTALL_LIBDIR: lib
-- ZSTD_LEGACY_SUPPORT defined!
-- ZSTD_MULTITHREAD_SUPPORT is enabled
-- Performing Test HAVE_FLAG__ffile_prefix_map__work_repo_build_ci__deps_catch2_src__
-- Performing Test HAVE_FLAG__ffile_prefix_map__work_repo_build_ci__deps_catch2_src__ - Success
-- clang-tidy: /usr/bin/clang-tidy-22 (LLVM major 22)
-- clang-tidy probe cmd: /usr/bin/clang-tidy-22 --checks=-*,misc-unused-alias-decls,clang-diagnostic-* --config={WarningsAsErrors: ''} --quiet /work/repo/build/ci/harness/tidy_probe.cpp -- -std=c++23
-- clang-tidy resolved libstdc++ _GLIBCXX_RELEASE=13
-- Configuring done (19.0s)
-- Generating done (0.0s)
-- Build files have been written to: /work/repo/build/ci
