Get:1 http://security.ubuntu.com/ubuntu noble-security InRelease [126 kB]
Get:2 http://archive.ubuntu.com/ubuntu noble InRelease [256 kB]
Get:3 http://archive.ubuntu.com/ubuntu noble-updates InRelease [126 kB]
Get:4 http://archive.ubuntu.com/ubuntu noble-backports InRelease [126 kB]
Get:5 http://archive.ubuntu.com/ubuntu noble/multiverse amd64 Packages [331 kB]
Get:6 http://archive.ubuntu.com/ubuntu noble/universe amd64 Packages [19.3 MB]
Get:7 http://security.ubuntu.com/ubuntu noble-security/restricted amd64 Packages [1791 kB]
Get:8 http://archive.ubuntu.com/ubuntu noble/restricted amd64 Packages [117 kB]
Get:9 http://archive.ubuntu.com/ubuntu noble/main amd64 Packages [1808 kB]
Get:10 http://archive.ubuntu.com/ubuntu noble-updates/main amd64 Packages [1562 kB]
Get:11 http://archive.ubuntu.com/ubuntu noble-updates/restricted amd64 Packages [1902 kB]
Get:12 http://archive.ubuntu.com/ubuntu noble-updates/multiverse amd64 Packages [55.8 kB]
Get:13 http://archive.ubuntu.com/ubuntu noble-updates/universe amd64 Packages [2151 kB]
Get:14 http://archive.ubuntu.com/ubuntu noble-backports/main amd64 Packages [48.9 kB]
Get:15 http://archive.ubuntu.com/ubuntu noble-backports/multiverse amd64 Packages [671 B]
Get:16 http://archive.ubuntu.com/ubuntu noble-backports/universe amd64 Packages [35.9 kB]
Get:17 http://security.ubuntu.com/ubuntu noble-security/universe amd64 Packages [1530 kB]
Get:18 http://security.ubuntu.com/ubuntu noble-security/main amd64 Packages [1240 kB]
Get:19 http://security.ubuntu.com/ubuntu noble-security/multiverse amd64 Packages [50.0 kB]
Fetched 32.6 MB in 4s (8115 kB/s)
Reading package lists...
LINUX_FOUR_PHASE_COMPLETE C=961b1ccd0ba488f909357d4cac1abab8c77d2fa8
